// Jest Snapshot v1, https://goo.gl/fbAQLP

exports[`App renders without crashing 1`] = `
<Fragment>
  <Provider
    store={
      Object {
        "dispatch": [Function],
        "getState": [Function],
        "replaceReducer": [Function],
        "subscribe": [Function],
        Symbol(observable): [Function],
      }
    }
  >
    <Connect(HomeComponent) />
  </Provider>
  <GlobalStyleComponent
    suppressMultiMountWarning={false}
  />
</Fragment>
`;
